[INFO] Scanning for projects...
[INFO] 
[INFO] -------------< com.internship:external-audit-coordinator >--------------
[INFO] Building External Audit Coordinator 0.0.1-SNAPSHOT
[INFO]   from pom.xml
[INFO] --------------------------------[ jar ]---------------------------------
[INFO] 
[INFO] --- resources:3.3.1:resources (default-resources) @ external-audit-coordinator ---
[INFO] Copying 1 resource from src\main\resources to target\classes
[INFO] Copying 5 resources from src\main\resources to target\classes
[INFO] 
[INFO] --- compiler:3.11.0:compile (default-compile) @ external-audit-coordinator ---
[INFO] Changes detected - recompiling the module! :source
[INFO] Compiling 23 source files with javac [debug release 21] to target\classes
[INFO] 
[INFO] --- resources:3.3.1:testResources (default-testResources) @ external-audit-coordinator ---
[INFO] skip non existing resourceDirectory c:\Users\hanam\OneDrive\Desktop\fs-java-internship\external-audit-coordinator\backend\src\test\resources
[INFO] 
[INFO] --- compiler:3.11.0:testCompile (default-testCompile) @ external-audit-coordinator ---
[INFO] Changes detected - recompiling the module! :dependency
[INFO] Compiling 1 source file with javac [debug release 21] to target\test-classes
[INFO] 
[INFO] --- surefire:3.1.2:test (default-test) @ external-audit-coordinator ---
[INFO] Using auto detected provider org.apache.maven.surefire.junitplatform.JUnitPlatformProvider
[INFO] 
[INFO] -------------------------------------------------------
[INFO]  T E S T S
[INFO] -------------------------------------------------------
[INFO] Running com.internship.tool.service.AuditItemServiceTest
WARNING: A Java agent has been loaded dynamically (C:\Users\hanam\.m2\repository\net\bytebuddy\byte-buddy-agent\1.14.13\byte-buddy-agent-1.14.13.jar)
WARNING: If a serviceability tool is in use, please run with -XX:+EnableDynamicAgentLoading to hide this warning
WARNING: If a serviceability tool is not in use, please run with -Djdk.instrument.traceUsage for more information
WARNING: Dynamic loading of agents will be disallowed by default in a future release
OpenJDK 64-Bit Server VM warning: Sharing is only supported for boot loader classes because bootstrap classpath has been appended
19:30:23.445 [main] INFO com.internship.tool.service.AuditItemService -- Fetching audit item with id: ca85b8db-203a-4c44-9a02-62587a802a59
19:30:23.534 [main] INFO com.internship.tool.service.AuditItemService -- Creating audit item with title: Test
[INFO] Tests run: 2, Failures: 0, Errors: 0, Skipped: 0, Time elapsed: 1.612 s -- in com.internship.tool.service.AuditItemServiceTest
[INFO] 
[INFO] Results:
[INFO] 
[INFO] Tests run: 2, Failures: 0, Errors: 0, Skipped: 0
[INFO] 
[INFO] ------------------------------------------------------------------------
[INFO] BUILD SUCCESS
[INFO] ------------------------------------------------------------------------
[INFO] Total time:  13.827 s
[INFO] Finished at: 2026-05-01T19:30:23+05:30
[INFO] ------------------------------------------------------------------------
